[assembly: System.Runtime.CompilerServices.InternalsVisibleToAttribute("Pharmacist.Benchmarks")]
[assembly: System.Runtime.CompilerServices.InternalsVisibleToAttribute("Pharmacist.Tests")]
[assembly: System.Runtime.Versioning.TargetFrameworkAttribute(".NETFramework,Version=v4.6.1", FrameworkDisplayName=".NET Framework 4.6.1")]
namespace Pharmacist.Core
{
    public enum AutoPlatform
    {
        Android = 0,
        iOS = 1,
        Mac = 2,
        Tizen4 = 3,
        WPF = 4,
        XamForms = 5,
        UWP = 6,
        Winforms = 7,
        TVOS = 8,
        Essentials = 9,
    }
    public class static ObservablesForEventGenerator
    {
        public static System.Threading.Tasks.Task ExtractEventsFromAssemblies(System.IO.Stream outputStream, System.Collections.Generic.IEnumerable<string> assemblyPaths, System.Collections.Generic.IEnumerable<string> searchDirectories) { }
        public static System.Threading.Tasks.Task ExtractEventsFromNuGetPackages(System.IO.Stream outputStream, System.Collections.Generic.IReadOnlyCollection<NuGet.Packaging.Core.PackageIdentity> packages, System.Collections.Generic.IReadOnlyCollection<NuGet.Frameworks.NuGetFramework> frameworks) { }
        public static System.Threading.Tasks.Task ExtractEventsFromNuGetPackages(System.IO.Stream outputStream, System.Collections.Generic.IReadOnlyCollection<NuGet.LibraryModel.LibraryRange> packages, System.Collections.Generic.IReadOnlyCollection<NuGet.Frameworks.NuGetFramework> frameworks) { }
        public static System.Threading.Tasks.Task ExtractEventsFromPlatforms(string outputPath, string prefix, string defaultReferenceAssemblyLocation, System.Collections.Generic.IEnumerable<Pharmacist.Core.AutoPlatform> platforms) { }
        public static System.Threading.Tasks.Task WriteHeader(System.IO.Stream outputStream) { }
        public static System.Threading.Tasks.Task WriteHeader(System.IO.Stream outputStream, System.Collections.Generic.IReadOnlyCollection<NuGet.LibraryModel.LibraryRange> libraryRanges) { }
    }
    public class static PlatformHelper
    {
        public static bool IsRunningOnMono() { }
    }
}
namespace Pharmacist.Core.Extractors
{
    public interface IExtractor
    {
        System.Collections.Generic.IEnumerable<string> Assemblies { get; }
        System.Collections.Generic.IEnumerable<string> SearchDirectories { get; }
    }
    public class NuGetExtractor : Pharmacist.Core.Extractors.IExtractor
    {
        public NuGetExtractor() { }
        public System.Collections.Generic.IEnumerable<string> Assemblies { get; }
        public System.Collections.Generic.IEnumerable<string> SearchDirectories { get; }
        public System.Threading.Tasks.Task Extract(System.Collections.Generic.IReadOnlyCollection<NuGet.Frameworks.NuGetFramework> targetFrameworks, System.Collections.Generic.IReadOnlyCollection<NuGet.Packaging.Core.PackageIdentity> packages) { }
        public System.Threading.Tasks.Task Extract(System.Collections.Generic.IReadOnlyCollection<NuGet.Frameworks.NuGetFramework> targetFrameworks, System.Collections.Generic.IReadOnlyCollection<NuGet.LibraryModel.LibraryRange> packages) { }
    }
}
namespace Pharmacist.Core.Extractors.PlatformExtractors
{
    public class Android : Pharmacist.Core.Extractors.PlatformExtractors.BasePlatform
    {
        public Android() { }
        public override Pharmacist.Core.AutoPlatform Platform { get; }
        public override System.Threading.Tasks.Task Extract(string referenceAssembliesLocation) { }
    }
    public abstract class BasePlatform : Pharmacist.Core.Extractors.IExtractor, Pharmacist.Core.Extractors.PlatformExtractors.IPlatformExtractor
    {
        protected BasePlatform() { }
        public System.Collections.Generic.IEnumerable<string> Assemblies { get; set; }
        public abstract Pharmacist.Core.AutoPlatform Platform { get; }
        public System.Collections.Generic.IEnumerable<string> SearchDirectories { get; set; }
        public abstract System.Threading.Tasks.Task Extract(string referenceAssembliesLocation);
    }
    public class iOS : Pharmacist.Core.Extractors.PlatformExtractors.BasePlatform
    {
        public iOS() { }
        public override Pharmacist.Core.AutoPlatform Platform { get; }
        public override System.Threading.Tasks.Task Extract(string referenceAssembliesLocation) { }
    }
    public interface IPlatformExtractor : Pharmacist.Core.Extractors.IExtractor
    {
        Pharmacist.Core.AutoPlatform Platform { get; }
        System.Threading.Tasks.Task Extract(string referenceAssembliesLocation);
    }
    public class Mac : Pharmacist.Core.Extractors.PlatformExtractors.BasePlatform
    {
        public Mac() { }
        public override Pharmacist.Core.AutoPlatform Platform { get; }
        public override System.Threading.Tasks.Task Extract(string referenceAssembliesLocation) { }
    }
    public class TVOS : Pharmacist.Core.Extractors.PlatformExtractors.BasePlatform
    {
        public TVOS() { }
        public override Pharmacist.Core.AutoPlatform Platform { get; }
        public override System.Threading.Tasks.Task Extract(string referenceAssembliesLocation) { }
    }
    public class UWP : Pharmacist.Core.Extractors.PlatformExtractors.BasePlatform
    {
        public UWP() { }
        public override Pharmacist.Core.AutoPlatform Platform { get; }
        public override System.Threading.Tasks.Task Extract(string referenceAssembliesLocation) { }
    }
}
namespace Pharmacist.Core.NuGet
{
    public class static NuGetFrameworkHelper
    {
        public static System.Collections.Generic.IEnumerable<NuGet.Packaging.Core.PackageIdentity> GetSupportLibraries(this NuGet.Frameworks.NuGetFramework framework) { }
        public static System.Collections.Generic.IReadOnlyCollection<NuGet.Frameworks.NuGetFramework> ToFrameworks(this string frameworkName) { }
    }
    public class static NuGetPackageHelper
    {
        public const string DefaultNuGetSource = "https://api.nuget.org/v3/index.json";
        public static string PackageDirectory { get; }
        public static System.Collections.Generic.List<System.Lazy<NuGet.Protocol.Core.Types.INuGetResourceProvider>> Providers { get; }
        [return: System.Runtime.CompilerServices.TupleElementNamesAttribute(new string[] {
                "folder",
                "files"})]
        public static System.Threading.Tasks.Task<System.Collections.Generic.IReadOnlyCollection<System.ValueTuple<string, System.Collections.Generic.IReadOnlyCollection<string>>>> DownloadPackageFilesAndFolder(System.Collections.Generic.IReadOnlyCollection<NuGet.LibraryModel.LibraryRange> libraryIdentities, System.Collections.Generic.IReadOnlyCollection<NuGet.Frameworks.NuGetFramework> frameworks = null, NuGet.Configuration.PackageSource nugetSource = null, bool getDependencies = True, System.Collections.Generic.IReadOnlyCollection<string> packageFolders = null, System.Threading.CancellationToken token = null) { }
        [return: System.Runtime.CompilerServices.TupleElementNamesAttribute(new string[] {
                "folder",
                "files"})]
        public static System.Threading.Tasks.Task<System.Collections.Generic.IReadOnlyCollection<System.ValueTuple<string, System.Collections.Generic.IReadOnlyCollection<string>>>> DownloadPackageFilesAndFolder(System.Collections.Generic.IReadOnlyCollection<NuGet.Packaging.Core.PackageIdentity> packageIdentities, System.Collections.Generic.IReadOnlyCollection<NuGet.Frameworks.NuGetFramework> frameworks = null, NuGet.Configuration.PackageSource nugetSource = null, bool getDependencies = True, System.Collections.Generic.IReadOnlyCollection<string> packageFolders = null, System.Threading.CancellationToken token = null) { }
        public static System.Threading.Tasks.Task<NuGet.Packaging.Core.PackageIdentity> GetBestMatch(NuGet.LibraryModel.LibraryRange identity, NuGet.Protocol.Core.Types.SourceRepository sourceRepository, System.Threading.CancellationToken token) { }
    }
}
namespace Pharmacist.Core.ReferenceLocators
{
    public class ReferenceLocationNotFoundException : System.Exception
    {
        public ReferenceLocationNotFoundException(string message) { }
        public ReferenceLocationNotFoundException(string message, System.Exception innerException) { }
        public ReferenceLocationNotFoundException() { }
        protected ReferenceLocationNotFoundException(System.Runtime.Serialization.SerializationInfo info, System.Runtime.Serialization.StreamingContext context) { }
    }
    public class static ReferenceLocator
    {
        public static System.Threading.Tasks.Task<string> GetReferenceLocation(bool includePreRelease = True) { }
    }
}