[assembly: System.Runtime.CompilerServices.InternalsVisibleToAttribute("Pharmacist.Benchmarks")]
[assembly: System.Runtime.CompilerServices.InternalsVisibleToAttribute("Pharmacist.Tests")]
[assembly: System.Runtime.Versioning.TargetFrameworkAttribute(".NETStandard,Version=v2.0", FrameworkDisplayName="")]
namespace Pharmacist.Core
{
    public enum AutoPlatform
    {
        Android = 0,
        iOS = 1,
        Mac = 2,
        WPF = 3,
        UWP = 4,
        Winforms = 5,
        TVOS = 6,
    }
    public class static ObservablesForEventGenerator
    {
        public static System.Threading.Tasks.Task ExtractEventsFromAssemblies(System.IO.TextWriter writer, System.Collections.Generic.IEnumerable<string> assemblies, System.Collections.Generic.IEnumerable<string> searchDirectories, string targetFramework) { }
        public static System.Threading.Tasks.Task ExtractEventsFromAssemblies(System.IO.TextWriter writer, Pharmacist.Core.Groups.InputAssembliesGroup input, NuGet.Frameworks.NuGetFramework framework) { }
        public static System.Threading.Tasks.Task ExtractEventsFromNuGetPackages(System.IO.TextWriter writer, System.Collections.Generic.IReadOnlyCollection<NuGet.Packaging.Core.PackageIdentity> packages, System.Collections.Generic.IReadOnlyCollection<NuGet.Frameworks.NuGetFramework> frameworks, string packageOutputFolder = null) { }
        public static System.Threading.Tasks.Task ExtractEventsFromNuGetPackages(System.IO.TextWriter writer, System.Collections.Generic.IReadOnlyCollection<NuGet.LibraryModel.LibraryRange> packages, System.Collections.Generic.IReadOnlyCollection<NuGet.Frameworks.NuGetFramework> frameworks, string packageOutputFolder = null) { }
        public static System.Threading.Tasks.Task ExtractEventsFromPlatforms(string outputPath, string prefix, string suffix, string defaultReferenceAssemblyLocation, System.Collections.Generic.IEnumerable<Pharmacist.Core.AutoPlatform> platforms, string packageOutputFolder = null) { }
        public static System.Threading.Tasks.Task WriteHeader(System.IO.TextWriter writer) { }
        public static System.Threading.Tasks.Task WriteHeader(System.IO.TextWriter writer, System.Collections.Generic.IReadOnlyCollection<NuGet.LibraryModel.LibraryRange> libraryRanges) { }
        public static System.Threading.Tasks.Task WriteHeader(System.IO.TextWriter writer, System.Collections.Generic.IEnumerable<string> fileNames) { }
        public static System.Threading.Tasks.Task WriteHeader(System.IO.TextWriter writer, Pharmacist.Core.AutoPlatform autoPlatform) { }
    }
    public class static PlatformHelper
    {
        public static bool IsRunningOnMono() { }
    }
}
namespace Pharmacist.Core.Extractors
{
    public interface IExtractor
    {
        Pharmacist.Core.Groups.InputAssembliesGroup Input { get; }
    }
    public class NuGetExtractor : Pharmacist.Core.Extractors.IExtractor
    {
        public NuGetExtractor() { }
        public Pharmacist.Core.Groups.InputAssembliesGroup Input { get; }
        public System.Threading.Tasks.Task Extract(System.Collections.Generic.IReadOnlyCollection<NuGet.Frameworks.NuGetFramework> targetFrameworks, System.Collections.Generic.IReadOnlyCollection<NuGet.Packaging.Core.PackageIdentity> packages, string packageOutputDirectory) { }
        public System.Threading.Tasks.Task Extract(System.Collections.Generic.IReadOnlyCollection<NuGet.Frameworks.NuGetFramework> targetFrameworks, System.Collections.Generic.IReadOnlyCollection<NuGet.LibraryModel.LibraryRange> packages, string packageOutputDirectory) { }
    }
}
namespace Pharmacist.Core.Extractors.PlatformExtractors
{
    public class Android : Pharmacist.Core.Extractors.PlatformExtractors.BasePlatform
    {
        public Android() { }
        public override NuGet.Frameworks.NuGetFramework Framework { get; }
        public override Pharmacist.Core.AutoPlatform Platform { get; }
        public override System.Threading.Tasks.Task Extract(string referenceAssembliesLocation) { }
    }
    public abstract class BasePlatform : Pharmacist.Core.Extractors.IExtractor, Pharmacist.Core.Extractors.PlatformExtractors.IPlatformExtractor
    {
        protected BasePlatform() { }
        public abstract NuGet.Frameworks.NuGetFramework Framework { get; }
        public Pharmacist.Core.Groups.InputAssembliesGroup Input { get; set; }
        public abstract Pharmacist.Core.AutoPlatform Platform { get; }
        public abstract System.Threading.Tasks.Task Extract(string referenceAssembliesLocation);
    }
    public interface IPlatformExtractor : Pharmacist.Core.Extractors.IExtractor
    {
        NuGet.Frameworks.NuGetFramework Framework { get; }
        Pharmacist.Core.AutoPlatform Platform { get; }
        System.Threading.Tasks.Task Extract(string referenceAssembliesLocation);
    }
    public class Mac : Pharmacist.Core.Extractors.PlatformExtractors.BasePlatform
    {
        public Mac() { }
        public override NuGet.Frameworks.NuGetFramework Framework { get; }
        public override Pharmacist.Core.AutoPlatform Platform { get; }
        public override System.Threading.Tasks.Task Extract(string referenceAssembliesLocation) { }
    }
    public class TVOS : Pharmacist.Core.Extractors.PlatformExtractors.BasePlatform
    {
        public TVOS() { }
        public override NuGet.Frameworks.NuGetFramework Framework { get; }
        public override Pharmacist.Core.AutoPlatform Platform { get; }
        public override System.Threading.Tasks.Task Extract(string referenceAssembliesLocation) { }
    }
    public class UWP : Pharmacist.Core.Extractors.PlatformExtractors.BasePlatform
    {
        public UWP() { }
        public override NuGet.Frameworks.NuGetFramework Framework { get; }
        public override Pharmacist.Core.AutoPlatform Platform { get; }
        public override System.Threading.Tasks.Task Extract(string referenceAssembliesLocation) { }
    }
    public class iOS : Pharmacist.Core.Extractors.PlatformExtractors.BasePlatform
    {
        public iOS() { }
        public override NuGet.Frameworks.NuGetFramework Framework { get; }
        public override Pharmacist.Core.AutoPlatform Platform { get; }
        public override System.Threading.Tasks.Task Extract(string referenceAssembliesLocation) { }
    }
}
namespace Pharmacist.Core.Groups
{
    public class FilesGroup
    {
        public FilesGroup() { }
        public void AddFiles(System.Collections.Generic.IEnumerable<string> files) { }
        public System.Collections.Generic.IEnumerable<string> GetAllFileNames() { }
        public string GetFullFilePath(string fileName) { }
    }
    public class InputAssembliesGroup
    {
        public InputAssembliesGroup() { }
        public Pharmacist.Core.Groups.FilesGroup IncludeGroup { get; }
        public Pharmacist.Core.Groups.FilesGroup SupportGroup { get; }
    }
}
namespace Pharmacist.Core.NuGet
{
    public class static NuGetFrameworkHelper
    {
        public static System.Collections.Generic.IEnumerable<NuGet.Packaging.Core.PackageIdentity> GetSupportLibraries(this NuGet.Frameworks.NuGetFramework framework) { }
        public static System.Collections.Generic.IReadOnlyList<NuGet.Frameworks.NuGetFramework> ToFrameworks(this string frameworkName) { }
    }
    public class static NuGetPackageHelper
    {
        public const string DefaultNuGetSource = "https://api.nuget.org/v3/index.json";
        public static System.Collections.Generic.List<System.Lazy<NuGet.Protocol.Core.Types.INuGetResourceProvider>> Providers { get; }
        public static System.Threading.Tasks.Task<Pharmacist.Core.Groups.InputAssembliesGroup> DownloadPackageFilesAndFolder(System.Collections.Generic.IReadOnlyCollection<NuGet.LibraryModel.LibraryRange> libraryIdentities, System.Collections.Generic.IReadOnlyCollection<NuGet.Frameworks.NuGetFramework> frameworks = null, NuGet.Configuration.PackageSource nugetSource = null, bool getDependencies = True, System.Collections.Generic.IReadOnlyCollection<string> packageFolders = null, string packageOutputDirectory = null, System.Threading.CancellationToken token = null) { }
        public static System.Threading.Tasks.Task<Pharmacist.Core.Groups.InputAssembliesGroup> DownloadPackageFilesAndFolder(System.Collections.Generic.IReadOnlyCollection<NuGet.Packaging.Core.PackageIdentity> packageIdentities, System.Collections.Generic.IReadOnlyCollection<NuGet.Frameworks.NuGetFramework> frameworks = null, NuGet.Configuration.PackageSource nugetSource = null, bool getDependencies = True, System.Collections.Generic.IReadOnlyCollection<string> packageFolders = null, string packageOutputDirectory = null, System.Threading.CancellationToken token = null) { }
        public static System.Threading.Tasks.Task<NuGet.Packaging.Core.PackageIdentity> GetBestMatch(NuGet.LibraryModel.LibraryRange identity, NuGet.Protocol.Core.Types.FindPackageByIdResource findPackageResource, System.Threading.CancellationToken token) { }
    }
}
namespace Pharmacist.Core.ReferenceLocators
{
    public class ReferenceLocationNotFoundException : System.Exception
    {
        public ReferenceLocationNotFoundException(string message) { }
        public ReferenceLocationNotFoundException(string message, System.Exception innerException) { }
        public ReferenceLocationNotFoundException() { }
        protected ReferenceLocationNotFoundException(System.Runtime.Serialization.SerializationInfo info, System.Runtime.Serialization.StreamingContext context) { }
    }
    public class static ReferenceLocator
    {
        public static string GetReferenceLocation(bool includePreRelease = True) { }
    }
}